[2023-03-17 18:24:23.487] [jointLog] [info] setting maxHashResizeThreads to 6
[2023-03-17 18:24:23.487] [jointLog] [info] Fragment incompatibility prior below threshold.  Incompatible fragments will be ignored.
[2023-03-17 18:24:23.487] [jointLog] [info] The --mimicBT2, --mimicStrictBT2 and --hardFilter flags imply mapping validation (--validateMappings). Enabling mapping validation.
[2023-03-17 18:24:23.487] [jointLog] [info] Usage of --validateMappings implies use of minScoreFraction. Since not explicitly specified, it is being set to 0.65
[2023-03-17 18:24:23.487] [jointLog] [info] The use of range-factorized equivalence classes does not make sense in conjunction with --hardFilter.  Disabling range-factorized equivalence classes. 
[2023-03-17 18:24:23.487] [jointLog] [info] Usage of --validateMappings implies a default consensus slack of 0.2. Setting consensusSlack to 0.35.
[2023-03-17 18:24:23.487] [jointLog] [info] Using default value of 0.87 for minScoreFraction in Alevin
Using default value of 0.6 for consensusSlack in Alevin
[2023-03-17 18:31:28.948] [jointLog] [info] There is 1 library.
[2023-03-17 18:31:29.104] [jointLog] [info] Loading pufferfish index
[2023-03-17 18:31:29.104] [jointLog] [info] Loading dense pufferfish index.
[2023-03-17 18:33:49.645] [jointLog] [info] done
[2023-03-17 18:33:49.645] [jointLog] [info] Index contained 612496 targets
[2023-03-17 18:33:50.179] [jointLog] [info] Number of decoys : 194
[2023-03-17 18:33:50.179] [jointLog] [info] First decoy index : 612263 
[2023-03-17 19:12:49.642] [jointLog] [info] Computed 468910 rich equivalence classes for further processing
[2023-03-17 19:12:49.642] [jointLog] [info] Counted 31169488 total reads in the equivalence classes 
[2023-03-17 19:12:49.643] [jointLog] [warning] 0.344184% of fragments were shorter than the k used to build the index (31).
If this fraction is too large, consider re-building the index with a smaller k.
The minimum read size found was 30.


[2023-03-17 19:12:49.643] [jointLog] [info] Number of fragments discarded because they are best-mapped to decoys : 492314
[2023-03-17 19:12:49.643] [jointLog] [info] Mapping rate = 58.8664%

[2023-03-17 19:12:49.643] [jointLog] [info] finished quantifyLibrary()
[2023-03-17 19:18:13.955] [jointLog] [warning] NOTE: Read Lib [[ /var/lib/cwl/stg216b5fc3-a86f-4c0d-a8ae-ffc2d602844e/trimmed/3/Bei_CO2-15_W165-CGCGCACTTA-AGAATACAGG_S23_L002_R1_001.fastq.gz, /var/lib/cwl/stg216b5fc3-a86f-4c0d-a8ae-ffc2d602844e/trimmed/3/Bei_CO2-15_W165-CGCGCACTTA-AGAATACAGG_S23_L002_R2_001.fastq.gz]] :

Found no concordant and consistent mappings. If this is a paired-end library, are you sure the reads are properly paired? check the file: salmon_out/lib_format_counts.json for details

