[2023-03-17 18:24:25.591] [alevinLog] [info] Found 612263 transcripts(+194 decoys, +39 short and +0 duplicate names in the index)
[2023-03-17 18:24:28.106] [alevinLog] [info] Filled with 612302 txp to gene entries 
[2023-03-17 18:24:28.602] [alevinLog] [info] Found all transcripts to gene mappings
[2023-03-17 18:24:28.945] [alevinLog] [info] Processing barcodes files (if Present) 

 
[2023-03-17 18:31:11.327] [alevinLog] [info] Done barcode density calculation.
[2023-03-17 18:31:11.327] [alevinLog] [info] # Barcodes Used: [32m158637218[0m / [31m158637218[0m.
[2023-03-17 18:31:23.124] [alevinLog] [info] Knee found left boundary at [32m 2748 [0m
[2023-03-17 18:31:26.731] [alevinLog] [info] Gauss Corrected Boundary at [32m 2228 [0m
[2023-03-17 18:31:26.731] [alevinLog] [info] Learned InvCov: 332.151 normfactor: 1014.62
[2023-03-17 18:31:26.731] [alevinLog] [info] Total [32m3229[0m(has [32m1000[0m low confidence) barcodes
[2023-03-17 18:31:27.040] [alevinLog] [info] Done True Barcode Sampling
[2023-03-17 18:31:28.098] [alevinLog] [info] Total 29.4161% reads will be thrown away because of noisy Cellular barcodes.
[2023-03-17 18:31:28.627] [alevinLog] [info] Done populating Z matrix
[2023-03-17 18:31:28.751] [alevinLog] [info] Total 74116 CB got sequence corrected
[2023-03-17 18:31:28.809] [alevinLog] [info] Done indexing Barcodes
[2023-03-17 18:31:28.809] [alevinLog] [info] Total Unique barcodes found: 2379666
[2023-03-17 18:31:28.809] [alevinLog] [info] Used Barcodes except Whitelist: 73766
[2023-03-17 18:31:28.948] [alevinLog] [info] Done with Barcode Processing; Moving to Quantify

[2023-03-17 18:31:28.948] [alevinLog] [info] parsing read library format
[2023-03-17 19:12:52.107] [alevinLog] [info] Starting optimizer


[2023-03-17 19:12:53.039] [alevinLog] [warning] mrna file not provided; using is 1 less feature for whitelisting
[2023-03-17 19:12:53.039] [alevinLog] [warning] rrna file not provided; using is 1 less feature for whitelisting
[2023-03-17 19:17:59.205] [alevinLog] [info] Total 8672326.00 UMI after deduplicating.
[2023-03-17 19:17:59.205] [alevinLog] [info] Total 2257020 BiDirected Edges.
[2023-03-17 19:17:59.205] [alevinLog] [info] Total 357966 UniDirected Edges.
[2023-03-17 19:17:59.265] [alevinLog] [info] Clearing EqMap; Might take some time.
[2023-03-17 19:18:05.162] [alevinLog] [info] Starting white listing of 3228 cells
[2023-03-17 19:18:05.162] [alevinLog] [info] Starting to make feature Matrix
[2023-03-17 19:18:05.170] [alevinLog] [info] Done making feature Matrix
[2023-03-17 19:18:05.342] [alevinLog] [info] Finished white listing
[2023-03-17 19:18:05.362] [alevinLog] [info] Starting dumping cell v gene counts in mtx format
[2023-03-17 19:18:13.207] [alevinLog] [info] Finished dumping counts into mtx
[2023-03-17 19:18:13.253] [alevinLog] [info] Finished optimizer
